TIMEOUT after 12s - would fail on Vercel
ERROR after 12.04s: socket hang up
